// Jest Snapshot v1, https://goo.gl/fbAQLP

exports[`GameBoard Screen  should match snapshot 1`] = `
<View
  style={
    Object {
      "backgroundColor": "rgba(0, 0, 0, 0.8)",
      "flex": 1,
      "paddingTop": 30,
    }
  }
>
  <View
    style={
      Object {
        "alignItems": "center",
        "flexDirection": "row",
        "justifyContent": "space-between",
        "padding": 24,
      }
    }
  >
    <Text
      onPress={[Function]}
      style={
        Object {
          "color": "#4AA2EE",
          "fontSize": 18,
        }
      }
      testID="restart"
    >
      Restart
    </Text>
    <Text
      style={
        Object {
          "color": "#fff",
          "fontSize": 24,
        }
      }
    >
      STEPS:
      <Text
        style={
          Object {
            "color": "#4AA2EE",
            "fontSize": 32,
          }
        }
      >
        0
      </Text>
    </Text>
  </View>
  <View
    style={
      Object {
        "flexDirection": "row",
        "flexWrap": "wrap",
      }
    }
  >
    <View
      accessible={true}
      focusable={true}
      onClick={[Function]}
      onResponderGrant={[Function]}
      onResponderMove={[Function]}
      onResponderRelease={[Function]}
      onResponderTerminate={[Function]}
      onResponderTerminationRequest={[Function]}
      onStartShouldSetResponder={[Function]}
      testID="card0"
    >
      <View
        style={
          Object {
            "alignItems": "center",
            "backfaceVisibility": "hidden",
            "justifyContent": "center",
            "transform": Array [
              Object {
                "rotateY": "0deg",
              },
            ],
          }
        }
      >
        <View
          style={
            Object {
              "borderColor": "transparent",
              "borderWidth": 4,
              "height": 296,
              "padding": 4,
              "width": 250,
            }
          }
        >
          <View
            style={
              Object {
                "alignItems": "center",
                "backgroundColor": "#fff",
                "borderColor": "#fff",
                "borderRadius": 8,
                "borderWidth": 4,
                "flex": 1,
                "justifyContent": "center",
                "padding": 8,
              }
            }
          >
            <Text
              style={
                Object {
                  "color": "#000",
                  "fontSize": 24,
                }
              }
            />
          </View>
        </View>
      </View>
      <View
        style={
          Object {
            "alignItems": "center",
            "backfaceVisibility": "hidden",
            "justifyContent": "center",
            "position": "absolute",
            "top": 0,
            "transform": Array [
              Object {
                "rotateY": "180deg",
              },
            ],
          }
        }
      >
        <View
          style={
            Object {
              "borderColor": "transparent",
              "borderWidth": 4,
              "height": 296,
              "padding": 4,
              "width": 250,
            }
          }
        >
          <View
            style={
              Object {
                "alignItems": "center",
                "backgroundColor": "#4AA2EE",
                "borderColor": "#fff",
                "borderRadius": 8,
                "borderWidth": 4,
                "flex": 1,
                "justifyContent": "center",
                "padding": 8,
              }
            }
          >
            <Text
              style={
                Object {
                  "color": "#fff",
                  "fontSize": 24,
                  "fontWeight": "bold",
                }
              }
            >
              ?
            </Text>
          </View>
        </View>
      </View>
    </View>
    <View
      accessible={true}
      focusable={true}
      onClick={[Function]}
      onResponderGrant={[Function]}
      onResponderMove={[Function]}
      onResponderRelease={[Function]}
      onResponderTerminate={[Function]}
      onResponderTerminationRequest={[Function]}
      onStartShouldSetResponder={[Function]}
      testID="card1"
    >
      <View
        style={
          Object {
            "alignItems": "center",
            "backfaceVisibility": "hidden",
            "justifyContent": "center",
            "transform": Array [
              Object {
                "rotateY": "0deg",
              },
            ],
          }
        }
      >
        <View
          style={
            Object {
              "borderColor": "transparent",
              "borderWidth": 4,
              "height": 296,
              "padding": 4,
              "width": 250,
            }
          }
        >
          <View
            style={
              Object {
                "alignItems": "center",
                "backgroundColor": "#fff",
                "borderColor": "#fff",
                "borderRadius": 8,
                "borderWidth": 4,
                "flex": 1,
                "justifyContent": "center",
                "padding": 8,
              }
            }
          >
            <Text
              style={
                Object {
                  "color": "#000",
                  "fontSize": 24,
                }
              }
            />
          </View>
        </View>
      </View>
      <View
        style={
          Object {
            "alignItems": "center",
            "backfaceVisibility": "hidden",
            "justifyContent": "center",
            "position": "absolute",
            "top": 0,
            "transform": Array [
              Object {
                "rotateY": "180deg",
              },
            ],
          }
        }
      >
        <View
          style={
            Object {
              "borderColor": "transparent",
              "borderWidth": 4,
              "height": 296,
              "padding": 4,
              "width": 250,
            }
          }
        >
          <View
            style={
              Object {
                "alignItems": "center",
                "backgroundColor": "#4AA2EE",
                "borderColor": "#fff",
                "borderRadius": 8,
                "borderWidth": 4,
                "flex": 1,
                "justifyContent": "center",
                "padding": 8,
              }
            }
          >
            <Text
              style={
                Object {
                  "color": "#fff",
                  "fontSize": 24,
                  "fontWeight": "bold",
                }
              }
            >
              ?
            </Text>
          </View>
        </View>
      </View>
    </View>
    <View
      accessible={true}
      focusable={true}
      onClick={[Function]}
      onResponderGrant={[Function]}
      onResponderMove={[Function]}
      onResponderRelease={[Function]}
      onResponderTerminate={[Function]}
      onResponderTerminationRequest={[Function]}
      onStartShouldSetResponder={[Function]}
      testID="card2"
    >
      <View
        style={
          Object {
            "alignItems": "center",
            "backfaceVisibility": "hidden",
            "justifyContent": "center",
            "transform": Array [
              Object {
                "rotateY": "0deg",
              },
            ],
          }
        }
      >
        <View
          style={
            Object {
              "borderColor": "transparent",
              "borderWidth": 4,
              "height": 296,
              "padding": 4,
              "width": 250,
            }
          }
        >
          <View
            style={
              Object {
                "alignItems": "center",
                "backgroundColor": "#fff",
                "borderColor": "#fff",
                "borderRadius": 8,
                "borderWidth": 4,
                "flex": 1,
                "justifyContent": "center",
                "padding": 8,
              }
            }
          >
            <Text
              style={
                Object {
                  "color": "#000",
                  "fontSize": 24,
                }
              }
            />
          </View>
        </View>
      </View>
      <View
        style={
          Object {
            "alignItems": "center",
            "backfaceVisibility": "hidden",
            "justifyContent": "center",
            "position": "absolute",
            "top": 0,
            "transform": Array [
              Object {
                "rotateY": "180deg",
              },
            ],
          }
        }
      >
        <View
          style={
            Object {
              "borderColor": "transparent",
              "borderWidth": 4,
              "height": 296,
              "padding": 4,
              "width": 250,
            }
          }
        >
          <View
            style={
              Object {
                "alignItems": "center",
                "backgroundColor": "#4AA2EE",
                "borderColor": "#fff",
                "borderRadius": 8,
                "borderWidth": 4,
                "flex": 1,
                "justifyContent": "center",
                "padding": 8,
              }
            }
          >
            <Text
              style={
                Object {
                  "color": "#fff",
                  "fontSize": 24,
                  "fontWeight": "bold",
                }
              }
            >
              ?
            </Text>
          </View>
        </View>
      </View>
    </View>
    <View
      accessible={true}
      focusable={true}
      onClick={[Function]}
      onResponderGrant={[Function]}
      onResponderMove={[Function]}
      onResponderRelease={[Function]}
      onResponderTerminate={[Function]}
      onResponderTerminationRequest={[Function]}
      onStartShouldSetResponder={[Function]}
      testID="card3"
    >
      <View
        style={
          Object {
            "alignItems": "center",
            "backfaceVisibility": "hidden",
            "justifyContent": "center",
            "transform": Array [
              Object {
                "rotateY": "0deg",
              },
            ],
          }
        }
      >
        <View
          style={
            Object {
              "borderColor": "transparent",
              "borderWidth": 4,
              "height": 296,
              "padding": 4,
              "width": 250,
            }
          }
        >
          <View
            style={
              Object {
                "alignItems": "center",
                "backgroundColor": "#fff",
                "borderColor": "#fff",
                "borderRadius": 8,
                "borderWidth": 4,
                "flex": 1,
                "justifyContent": "center",
                "padding": 8,
              }
            }
          >
            <Text
              style={
                Object {
                  "color": "#000",
                  "fontSize": 24,
                }
              }
            >
              56
            </Text>
          </View>
        </View>
      </View>
      <View
        style={
          Object {
            "alignItems": "center",
            "backfaceVisibility": "hidden",
            "justifyContent": "center",
            "position": "absolute",
            "top": 0,
            "transform": Array [
              Object {
                "rotateY": "180deg",
              },
            ],
          }
        }
      >
        <View
          style={
            Object {
              "borderColor": "transparent",
              "borderWidth": 4,
              "height": 296,
              "padding": 4,
              "width": 250,
            }
          }
        >
          <View
            style={
              Object {
                "alignItems": "center",
                "backgroundColor": "#4AA2EE",
                "borderColor": "#fff",
                "borderRadius": 8,
                "borderWidth": 4,
                "flex": 1,
                "justifyContent": "center",
                "padding": 8,
              }
            }
          >
            <Text
              style={
                Object {
                  "color": "#fff",
                  "fontSize": 24,
                  "fontWeight": "bold",
                }
              }
            >
              ?
            </Text>
          </View>
        </View>
      </View>
    </View>
    <View
      accessible={true}
      focusable={true}
      onClick={[Function]}
      onResponderGrant={[Function]}
      onResponderMove={[Function]}
      onResponderRelease={[Function]}
      onResponderTerminate={[Function]}
      onResponderTerminationRequest={[Function]}
      onStartShouldSetResponder={[Function]}
      testID="card4"
    >
      <View
        style={
          Object {
            "alignItems": "center",
            "backfaceVisibility": "hidden",
            "justifyContent": "center",
            "transform": Array [
              Object {
                "rotateY": "0deg",
              },
            ],
          }
        }
      >
        <View
          style={
            Object {
              "borderColor": "transparent",
              "borderWidth": 4,
              "height": 296,
              "padding": 4,
              "width": 250,
            }
          }
        >
          <View
            style={
              Object {
                "alignItems": "center",
                "backgroundColor": "#fff",
                "borderColor": "#fff",
                "borderRadius": 8,
                "borderWidth": 4,
                "flex": 1,
                "justifyContent": "center",
                "padding": 8,
              }
            }
          >
            <Text
              style={
                Object {
                  "color": "#000",
                  "fontSize": 24,
                }
              }
            >
              56
            </Text>
          </View>
        </View>
      </View>
      <View
        style={
          Object {
            "alignItems": "center",
            "backfaceVisibility": "hidden",
            "justifyContent": "center",
            "position": "absolute",
            "top": 0,
            "transform": Array [
              Object {
                "rotateY": "180deg",
              },
            ],
          }
        }
      >
        <View
          style={
            Object {
              "borderColor": "transparent",
              "borderWidth": 4,
              "height": 296,
              "padding": 4,
              "width": 250,
            }
          }
        >
          <View
            style={
              Object {
                "alignItems": "center",
                "backgroundColor": "#4AA2EE",
                "borderColor": "#fff",
                "borderRadius": 8,
                "borderWidth": 4,
                "flex": 1,
                "justifyContent": "center",
                "padding": 8,
              }
            }
          >
            <Text
              style={
                Object {
                  "color": "#fff",
                  "fontSize": 24,
                  "fontWeight": "bold",
                }
              }
            >
              ?
            </Text>
          </View>
        </View>
      </View>
    </View>
    <View
      accessible={true}
      focusable={true}
      onClick={[Function]}
      onResponderGrant={[Function]}
      onResponderMove={[Function]}
      onResponderRelease={[Function]}
      onResponderTerminate={[Function]}
      onResponderTerminationRequest={[Function]}
      onStartShouldSetResponder={[Function]}
      testID="card5"
    >
      <View
        style={
          Object {
            "alignItems": "center",
            "backfaceVisibility": "hidden",
            "justifyContent": "center",
            "transform": Array [
              Object {
                "rotateY": "0deg",
              },
            ],
          }
        }
      >
        <View
          style={
            Object {
              "borderColor": "transparent",
              "borderWidth": 4,
              "height": 296,
              "padding": 4,
              "width": 250,
            }
          }
        >
          <View
            style={
              Object {
                "alignItems": "center",
                "backgroundColor": "#fff",
                "borderColor": "#fff",
                "borderRadius": 8,
                "borderWidth": 4,
                "flex": 1,
                "justifyContent": "center",
                "padding": 8,
              }
            }
          >
            <Text
              style={
                Object {
                  "color": "#000",
                  "fontSize": 24,
                }
              }
            />
          </View>
        </View>
      </View>
      <View
        style={
          Object {
            "alignItems": "center",
            "backfaceVisibility": "hidden",
            "justifyContent": "center",
            "position": "absolute",
            "top": 0,
            "transform": Array [
              Object {
                "rotateY": "180deg",
              },
            ],
          }
        }
      >
        <View
          style={
            Object {
              "borderColor": "transparent",
              "borderWidth": 4,
              "height": 296,
              "padding": 4,
              "width": 250,
            }
          }
        >
          <View
            style={
              Object {
                "alignItems": "center",
                "backgroundColor": "#4AA2EE",
                "borderColor": "#fff",
                "borderRadius": 8,
                "borderWidth": 4,
                "flex": 1,
                "justifyContent": "center",
                "padding": 8,
              }
            }
          >
            <Text
              style={
                Object {
                  "color": "#fff",
                  "fontSize": 24,
                  "fontWeight": "bold",
                }
              }
            >
              ?
            </Text>
          </View>
        </View>
      </View>
    </View>
  </View>
</View>
`;
